apiVersion: v1
kind: ConfigMap
metadata:
  name: env-vars-testuser
  labels:
    app: devenv-testuser
data:
  USER: "testuser"
  UID: "2000"
  GIT_NAME: "Test User"
  GIT_EMAIL: "testuser@example.com"
