apiVersion: v1
kind: Secret
metadata:
  name: ssh-keys-testuser
  labels:
    app: devenv-testuser
type: Opaque
data:
  authorized_keys: "c3NoLXJzYSBBQUFBQjNOemFDMXljMkVBQUFBREFRQUJBQUFCZ1FDNy4uLiB0ZXN0dXNlckBleGFtcGxlLmNvbQpzc2gtZWQyNTUxOSBBQUFBQzNOemFDMWxaREkxTlRFNUFBQUFJLi4uIHRlc3R1c2VyMkBleGFtcGxlLmNvbQ=="